
 RUN  v4.1.4 C:/Users/david/dev/robotics/ftc/ARESWEB

node.exe : stderr | functions/api/routes/posts.test.ts > Hono Backend - /posts Router > POST /save - create new post
At line:1 char:1
+ & "C:\Program Files\nodejs/node.exe" "C:\Program Files\nodejs/node_mo ...
+ ~~~~~~~~~~~~~~~~~~~~~~~~~~~~~~~~~~~~~~~~~~~~~~~~~~~~~~~~~~~~~~~~~~~~~
    + CategoryInfo          : NotSpecified: (stderr | functi...create new post:String) [], RemoteException
    + FullyQualifiedErrorId : NativeCommandError
 
D1 write error: ReferenceError: logAuditAction is not defined
    at handlePostSave (C:/Users/david/dev/robotics/ftc/ARESWEB/functions/api/routes/posts.ts:207:20)
[90m    at processTicksAndRejections (node:internal/process/task_queues:103:5)[39m
    at dispatch 
[90m(file:///C:/Users/david/dev/robotics/ftc/ARESWEB/[39mnode_modules/[4mhono[24m/dist/compose.js:22:17[90m)[39m
    at C:/Users/david/dev/robotics/ftc/ARESWEB/functions/api/routes/posts.test.ts:44:88
    at dispatch 
[90m(file:///C:/Users/david/dev/robotics/ftc/ARESWEB/[39mnode_modules/[4mhono[24m/dist/compose.js:22:17[90m)[39m
    at ensureAuth (C:/Users/david/dev/robotics/ftc/ARESWEB/functions/api/middleware/auth.ts:80:12)
    at dispatch 
[90m(file:///C:/Users/david/dev/robotics/ftc/ARESWEB/[39mnode_modules/[4mhono[24m/dist/compose.js:22:17[90m)[39m
    at [90mfile:///C:/Users/david/dev/robotics/ftc/ARESWEB/[39mnode_modules/[4mhono[24m/dist/hono-base.js:301:25
    at C:/Users/david/dev/robotics/ftc/ARESWEB/functions/api/routes/posts.test.ts:111:17
    at [90mfile:///C:/Users/david/dev/robotics/ftc/ARESWEB/[39mnode_modules/[4m@vitest/runner[24m/dist/chunk-artifa
ct.js:1903:20

stderr | functions/api/routes/posts.test.ts > Hono Backend - /posts Router > PUT /:slug - edit existing post
D1 write error: ReferenceError: logAuditAction is not defined
    at handlePostEdit (C:/Users/david/dev/robotics/ftc/ARESWEB/functions/api/routes/posts.ts:340:20)
[90m    at processTicksAndRejections (node:internal/process/task_queues:103:5)[39m
    at dispatch 
[90m(file:///C:/Users/david/dev/robotics/ftc/ARESWEB/[39mnode_modules/[4mhono[24m/dist/compose.js:22:17[90m)[39m
    at C:/Users/david/dev/robotics/ftc/ARESWEB/functions/api/routes/posts.test.ts:44:88
    at dispatch 
[90m(file:///C:/Users/david/dev/robotics/ftc/ARESWEB/[39mnode_modules/[4mhono[24m/dist/compose.js:22:17[90m)[39m
    at ensureAuth (C:/Users/david/dev/robotics/ftc/ARESWEB/functions/api/middleware/auth.ts:80:12)
    at dispatch 
[90m(file:///C:/Users/david/dev/robotics/ftc/ARESWEB/[39mnode_modules/[4mhono[24m/dist/compose.js:22:17[90m)[39m
    at [90mfile:///C:/Users/david/dev/robotics/ftc/ARESWEB/[39mnode_modules/[4mhono[24m/dist/hono-base.js:301:25
    at C:/Users/david/dev/robotics/ftc/ARESWEB/functions/api/routes/posts.test.ts:187:17
    at [90mfile:///C:/Users/david/dev/robotics/ftc/ARESWEB/[39mnode_modules/[4m@vitest/runner[24m/dist/chunk-artifa
ct.js:1903:20

stderr | functions/api/routes/posts.test.ts > Hono Backend - /posts Router > GET /list - handles DB error
D1 admin list error (posts): Error: DB error
    at C:/Users/david/dev/robotics/ftc/ARESWEB/functions/api/routes/posts.test.ts:193:38
    at [90mfile:///C:/Users/david/dev/robotics/ftc/ARESWEB/[39mnode_modules/[4m@vitest/runner[24m/dist/chunk-artifa
ct.js:302:11
    at [90mfile:///C:/Users/david/dev/robotics/ftc/ARESWEB/[39mnode_modules/[4m@vitest/runner[24m/dist/chunk-artifa
ct.js:1903:26
    at [90mfile:///C:/Users/david/dev/robotics/ftc/ARESWEB/[39mnode_modules/[4m@vitest/runner[24m/dist/chunk-artifa
ct.js:2326:20
    at new Promise (<anonymous>)
    at runWithCancel [90m(file:///C:/Users/david/dev/robotics/ftc/ARESWEB/[39mnode_modules/[4m@vitest/runner[24m/di
st/chunk-artifact.js:2323:10[90m)[39m
    at [90mfile:///C:/Users/david/dev/robotics/ftc/ARESWEB/[39mnode_modules/[4m@vitest/runner[24m/dist/chunk-artifa
ct.js:2305:20
    at new Promise (<anonymous>)
    at runWithTimeout [90m(file:///C:/Users/david/dev/robotics/ftc/ARESWEB/[39mnode_modules/[4m@vitest/runner[24m/d
ist/chunk-artifact.js:2272:10[90m)[39m
    at [90mfile:///C:/Users/david/dev/robotics/ftc/ARESWEB/[39mnode_modules/[4m@vitest/runner[24m/dist/chunk-artifa
ct.js:2955:64

stderr | functions/api/routes/posts.test.ts > Hono Backend - /posts Router > GET /export-all - handles DB error
D1 export error (posts): Error: DB error
    at C:/Users/david/dev/robotics/ftc/ARESWEB/functions/api/routes/posts.test.ts:202:38
    at [90mfile:///C:/Users/david/dev/robotics/ftc/ARESWEB/[39mnode_modules/[4m@vitest/runner[24m/dist/chunk-artifa
ct.js:302:11
    at [90mfile:///C:/Users/david/dev/robotics/ftc/ARESWEB/[39mnode_modules/[4m@vitest/runner[24m/dist/chunk-artifa
ct.js:1903:26
    at [90mfile:///C:/Users/david/dev/robotics/ftc/ARESWEB/[39mnode_modules/[4m@vitest/runner[24m/dist/chunk-artifa
ct.js:2326:20
    at new Promise (<anonymous>)
    at runWithCancel [90m(file:///C:/Users/david/dev/robotics/ftc/ARESWEB/[39mnode_modules/[4m@vitest/runner[24m/di
st/chunk-artifact.js:2323:10[90m)[39m
    at [90mfile:///C:/Users/david/dev/robotics/ftc/ARESWEB/[39mnode_modules/[4m@vitest/runner[24m/dist/chunk-artifa
ct.js:2305:20
    at new Promise (<anonymous>)
    at runWithTimeout [90m(file:///C:/Users/david/dev/robotics/ftc/ARESWEB/[39mnode_modules/[4m@vitest/runner[24m/d
ist/chunk-artifact.js:2272:10[90m)[39m
    at [90mfile:///C:/Users/david/dev/robotics/ftc/ARESWEB/[39mnode_modules/[4m@vitest/runner[24m/dist/chunk-artifa
ct.js:2955:64

stderr | functions/api/routes/posts.test.ts > Hono Backend - /posts Router > GET / - search with ?q= handles DB error
D1 list error: Error: DB error
    at C:/Users/david/dev/robotics/ftc/ARESWEB/functions/api/routes/posts.test.ts:209:38
    at [90mfile:///C:/Users/david/dev/robotics/ftc/ARESWEB/[39mnode_modules/[4m@vitest/runner[24m/dist/chunk-artifa
ct.js:302:11
    at [90mfile:///C:/Users/david/dev/robotics/ftc/ARESWEB/[39mnode_modules/[4m@vitest/runner[24m/dist/chunk-artifa
ct.js:1903:26
    at [90mfile:///C:/Users/david/dev/robotics/ftc/ARESWEB/[39mnode_modules/[4m@vitest/runner[24m/dist/chunk-artifa
ct.js:2326:20
    at new Promise (<anonymous>)
    at runWithCancel [90m(file:///C:/Users/david/dev/robotics/ftc/ARESWEB/[39mnode_modules/[4m@vitest/runner[24m/di
st/chunk-artifact.js:2323:10[90m)[39m
    at [90mfile:///C:/Users/david/dev/robotics/ftc/ARESWEB/[39mnode_modules/[4m@vitest/runner[24m/dist/chunk-artifa
ct.js:2305:20
    at new Promise (<anonymous>)
    at runWithTimeout [90m(file:///C:/Users/david/dev/robotics/ftc/ARESWEB/[39mnode_modules/[4m@vitest/runner[24m/d
ist/chunk-artifact.js:2272:10[90m)[39m
    at [90mfile:///C:/Users/david/dev/robotics/ftc/ARESWEB/[39mnode_modules/[4m@vitest/runner[24m/dist/chunk-artifa
ct.js:2955:64

stderr | functions/api/routes/posts.test.ts > Hono Backend - /posts Router > GET / - regular list handles DB error
D1 list error: Error: DB error
    at C:/Users/david/dev/robotics/ftc/ARESWEB/functions/api/routes/posts.test.ts:218:38
    at [90mfile:///C:/Users/david/dev/robotics/ftc/ARESWEB/[39mnode_modules/[4m@vitest/runner[24m/dist/chunk-artifa
ct.js:302:11
    at [90mfile:///C:/Users/david/dev/robotics/ftc/ARESWEB/[39mnode_modules/[4m@vitest/runner[24m/dist/chunk-artifa
ct.js:1903:26
    at [90mfile:///C:/Users/david/dev/robotics/ftc/ARESWEB/[39mnode_modules/[4m@vitest/runner[24m/dist/chunk-artifa
ct.js:2326:20
    at new Promise (<anonymous>)
    at runWithCancel [90m(file:///C:/Users/david/dev/robotics/ftc/ARESWEB/[39mnode_modules/[4m@vitest/runner[24m/di
st/chunk-artifact.js:2323:10[90m)[39m
    at [90mfile:///C:/Users/david/dev/robotics/ftc/ARESWEB/[39mnode_modules/[4m@vitest/runner[24m/dist/chunk-artifa
ct.js:2305:20
    at new Promise (<anonymous>)
    at runWithTimeout [90m(file:///C:/Users/david/dev/robotics/ftc/ARESWEB/[39mnode_modules/[4m@vitest/runner[24m/d
ist/chunk-artifact.js:2272:10[90m)[39m
    at [90mfile:///C:/Users/david/dev/robotics/ftc/ARESWEB/[39mnode_modules/[4m@vitest/runner[24m/dist/chunk-artifa
ct.js:2955:64

stderr | functions/api/routes/posts.test.ts > Hono Backend - /posts Router > GET /:slug/detail - handles DB error
D1 read error: Error: DB error
    at C:/Users/david/dev/robotics/ftc/ARESWEB/functions/api/routes/posts.test.ts:234:40
    at [90mfile:///C:/Users/david/dev/robotics/ftc/ARESWEB/[39mnode_modules/[4m@vitest/runner[24m/dist/chunk-artifa
ct.js:302:11
    at [90mfile:///C:/Users/david/dev/robotics/ftc/ARESWEB/[39mnode_modules/[4m@vitest/runner[24m/dist/chunk-artifa
ct.js:1903:26
    at [90mfile:///C:/Users/david/dev/robotics/ftc/ARESWEB/[39mnode_modules/[4m@vitest/runner[24m/dist/chunk-artifa
ct.js:2326:20
    at new Promise (<anonymous>)
    at runWithCancel [90m(file:///C:/Users/david/dev/robotics/ftc/ARESWEB/[39mnode_modules/[4m@vitest/runner[24m/di
st/chunk-artifact.js:2323:10[90m)[39m
    at [90mfile:///C:/Users/david/dev/robotics/ftc/ARESWEB/[39mnode_modules/[4m@vitest/runner[24m/dist/chunk-artifa
ct.js:2305:20
    at new Promise (<anonymous>)
    at runWithTimeout [90m(file:///C:/Users/david/dev/robotics/ftc/ARESWEB/[39mnode_modules/[4m@vitest/runner[24m/d
ist/chunk-artifact.js:2272:10[90m)[39m
    at [90mfile:///C:/Users/david/dev/robotics/ftc/ARESWEB/[39mnode_modules/[4m@vitest/runner[24m/dist/chunk-artifa
ct.js:2955:64

stderr | functions/api/routes/posts.test.ts > Hono Backend - /posts Router > GET /:slug/history - handles 
getPostHistory error
D1 post history error: Error: History error
    at C:/Users/david/dev/robotics/ftc/ARESWEB/functions/api/routes/posts.test.ts:242:51
[90m    at processTicksAndRejections (node:internal/process/task_queues:103:5)[39m
    at [90mfile:///C:/Users/david/dev/robotics/ftc/ARESWEB/[39mnode_modules/[4m@vitest/runner[24m/dist/chunk-artifa
ct.js:1903:20

stderr | functions/api/routes/posts.test.ts > Hono Backend - /posts Router > GET /:slug - handles DB error
D1 read error: Error: DB error
    at C:/Users/david/dev/robotics/ftc/ARESWEB/functions/api/routes/posts.test.ts:258:40
    at [90mfile:///C:/Users/david/dev/robotics/ftc/ARESWEB/[39mnode_modules/[4m@vitest/runner[24m/dist/chunk-artifa
ct.js:302:11
    at [90mfile:///C:/Users/david/dev/robotics/ftc/ARESWEB/[39mnode_modules/[4m@vitest/runner[24m/dist/chunk-artifa
ct.js:1903:26
    at [90mfile:///C:/Users/david/dev/robotics/ftc/ARESWEB/[39mnode_modules/[4m@vitest/runner[24m/dist/chunk-artifa
ct.js:2326:20
    at new Promise (<anonymous>)
    at runWithCancel [90m(file:///C:/Users/david/dev/robotics/ftc/ARESWEB/[39mnode_modules/[4m@vitest/runner[24m/di
st/chunk-artifact.js:2323:10[90m)[39m
    at [90mfile:///C:/Users/david/dev/robotics/ftc/ARESWEB/[39mnode_modules/[4m@vitest/runner[24m/dist/chunk-artifa
ct.js:2305:20
    at new Promise (<anonymous>)
    at runWithTimeout [90m(file:///C:/Users/david/dev/robotics/ftc/ARESWEB/[39mnode_modules/[4m@vitest/runner[24m/d
ist/chunk-artifact.js:2272:10[90m)[39m
    at [90mfile:///C:/Users/david/dev/robotics/ftc/ARESWEB/[39mnode_modules/[4m@vitest/runner[24m/dist/chunk-artifa
ct.js:2955:64

stderr | functions/api/routes/posts.test.ts > Hono Backend - /posts Router > POST /save - handles complex slug 
generation and success
D1 write error: ReferenceError: logAuditAction is not defined
    at handlePostSave (C:/Users/david/dev/robotics/ftc/ARESWEB/functions/api/routes/posts.ts:207:20)
[90m    at processTicksAndRejections (node:internal/process/task_queues:103:5)[39m
    at dispatch 
[90m(file:///C:/Users/david/dev/robotics/ftc/ARESWEB/[39mnode_modules/[4mhono[24m/dist/compose.js:22:17[90m)[39m
    at C:/Users/david/dev/robotics/ftc/ARESWEB/functions/api/routes/posts.test.ts:44:88
    at dispatch 
[90m(file:///C:/Users/david/dev/robotics/ftc/ARESWEB/[39mnode_modules/[4mhono[24m/dist/compose.js:22:17[90m)[39m
    at ensureAuth (C:/Users/david/dev/robotics/ftc/ARESWEB/functions/api/middleware/auth.ts:80:12)
    at dispatch 
[90m(file:///C:/Users/david/dev/robotics/ftc/ARESWEB/[39mnode_modules/[4mhono[24m/dist/compose.js:22:17[90m)[39m
    at [90mfile:///C:/Users/david/dev/robotics/ftc/ARESWEB/[39mnode_modules/[4mhono[24m/dist/hono-base.js:301:25
    at C:/Users/david/dev/robotics/ftc/ARESWEB/functions/api/routes/posts.test.ts:281:17
    at [90mfile:///C:/Users/david/dev/robotics/ftc/ARESWEB/[39mnode_modules/[4m@vitest/runner[24m/dist/chunk-artifa
ct.js:1903:20

stderr | functions/api/routes/posts.test.ts > Hono Backend - /posts Router > POST /save - handle slug collision
D1 write error: ReferenceError: logAuditAction is not defined
    at handlePostSave (C:/Users/david/dev/robotics/ftc/ARESWEB/functions/api/routes/posts.ts:207:20)
[90m    at processTicksAndRejections (node:internal/process/task_queues:103:5)[39m
    at dispatch 
[90m(file:///C:/Users/david/dev/robotics/ftc/ARESWEB/[39mnode_modules/[4mhono[24m/dist/compose.js:22:17[90m)[39m
    at C:/Users/david/dev/robotics/ftc/ARESWEB/functions/api/routes/posts.test.ts:44:88
    at dispatch 
[90m(file:///C:/Users/david/dev/robotics/ftc/ARESWEB/[39mnode_modules/[4mhono[24m/dist/compose.js:22:17[90m)[39m
    at ensureAuth (C:/Users/david/dev/robotics/ftc/ARESWEB/functions/api/middleware/auth.ts:80:12)
    at dispatch 
[90m(file:///C:/Users/david/dev/robotics/ftc/ARESWEB/[39mnode_modules/[4mhono[24m/dist/compose.js:22:17[90m)[39m
    at [90mfile:///C:/Users/david/dev/robotics/ftc/ARESWEB/[39mnode_modules/[4mhono[24m/dist/hono-base.js:301:25
    at C:/Users/david/dev/robotics/ftc/ARESWEB/functions/api/routes/posts.test.ts:295:17
    at [90mfile:///C:/Users/david/dev/robotics/ftc/ARESWEB/[39mnode_modules/[4m@vitest/runner[24m/dist/chunk-artifa
ct.js:1903:20

stderr | functions/api/routes/posts.test.ts > Hono Backend - /posts Router > POST /save - dispatchSocials error
D1 write error: ReferenceError: logAuditAction is not defined
    at handlePostSave (C:/Users/david/dev/robotics/ftc/ARESWEB/functions/api/routes/posts.ts:207:20)
[90m    at processTicksAndRejections (node:internal/process/task_queues:103:5)[39m
    at dispatch 
[90m(file:///C:/Users/david/dev/robotics/ftc/ARESWEB/[39mnode_modules/[4mhono[24m/dist/compose.js:22:17[90m)[39m
    at C:/Users/david/dev/robotics/ftc/ARESWEB/functions/api/routes/posts.test.ts:44:88
    at dispatch 
[90m(file:///C:/Users/david/dev/robotics/ftc/ARESWEB/[39mnode_modules/[4mhono[24m/dist/compose.js:22:17[90m)[39m
    at ensureAuth (C:/Users/david/dev/robotics/ftc/ARESWEB/functions/api/middleware/auth.ts:80:12)
    at dispatch 
[90m(file:///C:/Users/david/dev/robotics/ftc/ARESWEB/[39mnode_modules/[4mhono[24m/dist/compose.js:22:17[90m)[39m
    at [90mfile:///C:/Users/david/dev/robotics/ftc/ARESWEB/[39mnode_modules/[4mhono[24m/dist/hono-base.js:301:25
    at C:/Users/david/dev/robotics/ftc/ARESWEB/functions/api/routes/posts.test.ts:311:17
    at [90mfile:///C:/Users/david/dev/robotics/ftc/ARESWEB/[39mnode_modules/[4m@vitest/runner[24m/dist/chunk-artifa
ct.js:1903:20

stderr | functions/api/routes/posts.test.ts > Hono Backend - /posts Router > POST /save - Zulip error
D1 write error: ReferenceError: logAuditAction is not defined
    at handlePostSave (C:/Users/david/dev/robotics/ftc/ARESWEB/functions/api/routes/posts.ts:207:20)
[90m    at processTicksAndRejections (node:internal/process/task_queues:103:5)[39m
    at dispatch 
[90m(file:///C:/Users/david/dev/robotics/ftc/ARESWEB/[39mnode_modules/[4mhono[24m/dist/compose.js:22:17[90m)[39m
    at C:/Users/david/dev/robotics/ftc/ARESWEB/functions/api/routes/posts.test.ts:44:88
    at dispatch 
[90m(file:///C:/Users/david/dev/robotics/ftc/ARESWEB/[39mnode_modules/[4mhono[24m/dist/compose.js:22:17[90m)[39m
    at ensureAuth (C:/Users/david/dev/robotics/ftc/ARESWEB/functions/api/middleware/auth.ts:80:12)
    at dispatch 
[90m(file:///C:/Users/david/dev/robotics/ftc/ARESWEB/[39mnode_modules/[4mhono[24m/dist/compose.js:22:17[90m)[39m
    at [90mfile:///C:/Users/david/dev/robotics/ftc/ARESWEB/[39mnode_modules/[4mhono[24m/dist/hono-base.js:301:25
    at C:/Users/david/dev/robotics/ftc/ARESWEB/functions/api/routes/posts.test.ts:327:17
    at [90mfile:///C:/Users/david/dev/robotics/ftc/ARESWEB/[39mnode_modules/[4m@vitest/runner[24m/dist/chunk-artifa
ct.js:1903:20

stderr | functions/api/routes/posts.test.ts > Hono Backend - /posts Router > POST /save - pending notification error
D1 write error: ReferenceError: logAuditAction is not defined
    at handlePostSave (C:/Users/david/dev/robotics/ftc/ARESWEB/functions/api/routes/posts.ts:207:20)
[90m    at processTicksAndRejections (node:internal/process/task_queues:103:5)[39m
    at dispatch 
[90m(file:///C:/Users/david/dev/robotics/ftc/ARESWEB/[39mnode_modules/[4mhono[24m/dist/compose.js:22:17[90m)[39m
    at C:/Users/david/dev/robotics/ftc/ARESWEB/functions/api/routes/posts.test.ts:44:88
    at dispatch 
[90m(file:///C:/Users/david/dev/robotics/ftc/ARESWEB/[39mnode_modules/[4mhono[24m/dist/compose.js:22:17[90m)[39m
    at ensureAuth (C:/Users/david/dev/robotics/ftc/ARESWEB/functions/api/middleware/auth.ts:80:12)
    at dispatch 
[90m(file:///C:/Users/david/dev/robotics/ftc/ARESWEB/[39mnode_modules/[4mhono[24m/dist/compose.js:22:17[90m)[39m
    at [90mfile:///C:/Users/david/dev/robotics/ftc/ARESWEB/[39mnode_modules/[4mhono[24m/dist/hono-base.js:301:25
    at C:/Users/david/dev/robotics/ftc/ARESWEB/functions/api/routes/posts.test.ts:343:17
    at [90mfile:///C:/Users/david/dev/robotics/ftc/ARESWEB/[39mnode_modules/[4m@vitest/runner[24m/dist/chunk-artifa
ct.js:1903:20

stderr | functions/api/routes/posts.test.ts > Hono Backend - /posts Router > POST /save - handles DB error
D1 write error: Error: DB error
    at C:/Users/david/dev/robotics/ftc/ARESWEB/functions/api/routes/posts.test.ts:349:40
    at [90mfile:///C:/Users/david/dev/robotics/ftc/ARESWEB/[39mnode_modules/[4m@vitest/runner[24m/dist/chunk-artifa
ct.js:302:11
    at [90mfile:///C:/Users/david/dev/robotics/ftc/ARESWEB/[39mnode_modules/[4m@vitest/runner[24m/dist/chunk-artifa
ct.js:1903:26
    at [90mfile:///C:/Users/david/dev/robotics/ftc/ARESWEB/[39mnode_modules/[4m@vitest/runner[24m/dist/chunk-artifa
ct.js:2326:20
    at new Promise (<anonymous>)
    at runWithCancel [90m(file:///C:/Users/david/dev/robotics/ftc/ARESWEB/[39mnode_modules/[4m@vitest/runner[24m/di
st/chunk-artifact.js:2323:10[90m)[39m
    at [90mfile:///C:/Users/david/dev/robotics/ftc/ARESWEB/[39mnode_modules/[4m@vitest/runner[24m/dist/chunk-artifa
ct.js:2305:20
    at new Promise (<anonymous>)
    at runWithTimeout [90m(file:///C:/Users/david/dev/robotics/ftc/ARESWEB/[39mnode_modules/[4m@vitest/runner[24m/d
ist/chunk-artifact.js:2272:10[90m)[39m
    at [90mfile:///C:/Users/david/dev/robotics/ftc/ARESWEB/[39mnode_modules/[4m@vitest/runner[24m/dist/chunk-artifa
ct.js:2955:64

stderr | functions/api/routes/posts.test.ts > Hono Backend - /posts Router > PUT /:slug - handles DB error (admin edit)
D1 write error: ReferenceError: logAuditAction is not defined
    at handlePostEdit (C:/Users/david/dev/robotics/ftc/ARESWEB/functions/api/routes/posts.ts:340:20)
[90m    at processTicksAndRejections (node:internal/process/task_queues:103:5)[39m
    at dispatch 
[90m(file:///C:/Users/david/dev/robotics/ftc/ARESWEB/[39mnode_modules/[4mhono[24m/dist/compose.js:22:17[90m)[39m
    at C:/Users/david/dev/robotics/ftc/ARESWEB/functions/api/routes/posts.test.ts:44:88
    at dispatch 
[90m(file:///C:/Users/david/dev/robotics/ftc/ARESWEB/[39mnode_modules/[4mhono[24m/dist/compose.js:22:17[90m)[39m
    at ensureAuth (C:/Users/david/dev/robotics/ftc/ARESWEB/functions/api/middleware/auth.ts:80:12)
    at dispatch 
[90m(file:///C:/Users/david/dev/robotics/ftc/ARESWEB/[39mnode_modules/[4mhono[24m/dist/compose.js:22:17[90m)[39m
    at [90mfile:///C:/Users/david/dev/robotics/ftc/ARESWEB/[39mnode_modules/[4mhono[24m/dist/hono-base.js:301:25
    at C:/Users/david/dev/robotics/ftc/ARESWEB/functions/api/routes/posts.test.ts:405:17
    at [90mfile:///C:/Users/david/dev/robotics/ftc/ARESWEB/[39mnode_modules/[4m@vitest/runner[24m/dist/chunk-artifa
ct.js:1903:20

 Γ¥» functions/api/routes/posts.test.ts (44 tests | 7 failed) 58ms
     Γ£ô GET / - list published posts 8ms
     Γ£ô GET /:slug - get single published post 2ms
     Γ£ô GET /list - admin list 2ms
     ├ù POST /save - create new post 10ms
     Γ£ô DELETE /:slug - soft delete 1ms
     Γ£ô PATCH /:slug/restore - restore 1ms
     Γ£ô DELETE /:slug/purge - permanent delete 1ms
     Γ£ô GET / - list posts without q 1ms
     Γ£ô GET / - search with ?q= 1ms
     Γ£ô GET /export-all - admin export 1ms
     Γ£ô GET /:slug/detail - get post details 0ms
     Γ£ô GET /:slug/history - get post history 0ms
     Γ£ô POST /save - reject missing title 1ms
     ├ù PUT /:slug - edit existing post 1ms
     Γ£ô GET /list - handles DB error 1ms
     Γ£ô GET /export-all - handles DB error 1ms
     Γ£ô GET / - search with ?q= handles DB error 1ms
     Γ£ô GET / - regular list handles DB error 1ms
     Γ£ô GET /:slug/detail - not found 0ms
     Γ£ô GET /:slug/detail - handles DB error 1ms
     Γ£ô GET /:slug/history - handles getPostHistory error 1ms
     Γ£ô GET /:slug - not found 0ms
     Γ£ô GET /:slug - handles DB error 1ms
     Γ£ô POST /save - reject malformed json 1ms
     ├ù POST /save - handles complex slug generation and success 1ms
     ├ù POST /save - handle slug collision 1ms
     ├ù POST /save - dispatchSocials error 1ms
     ├ù POST /save - Zulip error 1ms
     ├ù POST /save - pending notification error 2ms
     Γ£ô POST /save - handles DB error 1ms
     Γ£ô PUT /:slug - edit existing post (student shadow revision) 1ms
     Γ£ô PUT /:slug - reject malformed json 1ms
     Γ£ô PUT /:slug - reject missing title 1ms
     Γ£ô PUT /:slug - handles DB error (admin edit) 1ms
     Γ£ô POST /:slug/repush - malformed JSON 1ms
     Γ£ô POST /:slug/repush - not found 1ms
     Γ£ô POST /:slug/repush - dispatchSocials error 1ms
     Γ£ô POST /:slug/repush - success 1ms
     Γ£ô PATCH /:slug/history/:id/restore - error 1ms
     Γ£ô PATCH /:slug/history/:id/restore - success 1ms
     Γ£ô PATCH /:slug/approve - success 1ms
     Γ£ô PATCH /:slug/approve - error 1ms
     Γ£ô PATCH /:slug/reject - success with reason and notification 1ms
     Γ£ô PATCH /:slug/reject - success without reason 0ms
stderr | functions/api/routes/posts.test.ts > Hono Backend - /posts Router > POST /:slug/repush - dispatchSocials error
Post repush failed: Error: Network Error
    at C:/Users/david/dev/robotics/ftc/ARESWEB/functions/api/routes/posts.test.ts:433:52
[90m    at processTicksAndRejections (node:internal/process/task_queues:103:5)[39m
    at [90mfile:///C:/Users/david/dev/robotics/ftc/ARESWEB/[39mnode_modules/[4m@vitest/runner[24m/dist/chunk-artifa
ct.js:1903:20

stderr | functions/api/routes/posts.test.ts > Hono Backend - /posts Router > PATCH /:slug/approve - error
Error: Approve failed
    at Object.onApprove (C:/Users/david/dev/robotics/ftc/ARESWEB/functions/api/routes/posts.ts:353:32)
[90m    at processTicksAndRejections (node:internal/process/task_queues:103:5)[39m
    at C:/Users/david/dev/robotics/ftc/ARESWEB/functions/api/middleware/lifecycle.ts:34:22
    at dispatch 
[90m(file:///C:/Users/david/dev/robotics/ftc/ARESWEB/[39mnode_modules/[4mhono[24m/dist/compose.js:22:17[90m)[39m
    at ensureAdmin (C:/Users/david/dev/robotics/ftc/ARESWEB/functions/api/middleware/auth.ts:21:12)
    at dispatch 
[90m(file:///C:/Users/david/dev/robotics/ftc/ARESWEB/[39mnode_modules/[4mhono[24m/dist/compose.js:22:17[90m)[39m
    at [90mfile:///C:/Users/david/dev/robotics/ftc/ARESWEB/[39mnode_modules/[4mhono[24m/dist/hono-base.js:301:25
    at C:/Users/david/dev/robotics/ftc/ARESWEB/functions/api/routes/posts.test.ts:494:17
    at [90mfile:///C:/Users/david/dev/robotics/ftc/ARESWEB/[39mnode_modules/[4m@vitest/runner[24m/dist/chunk-artifa
ct.js:1903:20


ΓÄ»ΓÄ»ΓÄ»ΓÄ»ΓÄ»ΓÄ»ΓÄ» Failed Tests 7 ΓÄ»ΓÄ»ΓÄ»ΓÄ»ΓÄ»ΓÄ»ΓÄ»

 FAIL  functions/api/routes/posts.test.ts > Hono Backend - /posts Router > POST /save - create new post
AssertionError: expected 500 to be 200 // Object.is equality

[32m- Expected[39m
[31m+ Received[39m

[32m- 200[39m
[31m+ 500[39m

 Γ¥» functions/api/routes/posts.test.ts:113:24
    111|     const res = await postsRouter.request(req, {}, env, mockExecutionCΓÇª
    112|     await res.text();
    113|     expect(res.status).toBe(200);
       |                        ^
    114|   });
    115|

ΓÄ»ΓÄ»ΓÄ»ΓÄ»ΓÄ»ΓÄ»ΓÄ»ΓÄ»ΓÄ»ΓÄ»ΓÄ»ΓÄ»ΓÄ»ΓÄ»ΓÄ»ΓÄ»ΓÄ»ΓÄ»ΓÄ»ΓÄ»ΓÄ»ΓÄ»ΓÄ»ΓÄ»[1/7]ΓÄ»

 FAIL  functions/api/routes/posts.test.ts > Hono Backend - /posts Router > PUT /:slug - edit existing post
AssertionError: expected 500 to be 200 // Object.is equality

[32m- Expected[39m
[31m+ Received[39m

[32m- 200[39m
[31m+ 500[39m

 Γ¥» functions/api/routes/posts.test.ts:188:24
    186|     });
    187|     const res = await postsRouter.request(req, {}, env, mockExecutionCΓÇª
    188|     expect(res.status).toBe(200);
       |                        ^
    189|   });
    190|

ΓÄ»ΓÄ»ΓÄ»ΓÄ»ΓÄ»ΓÄ»ΓÄ»ΓÄ»ΓÄ»ΓÄ»ΓÄ»ΓÄ»ΓÄ»ΓÄ»ΓÄ»ΓÄ»ΓÄ»ΓÄ»ΓÄ»ΓÄ»ΓÄ»ΓÄ»ΓÄ»ΓÄ»[2/7]ΓÄ»

 FAIL  functions/api/routes/posts.test.ts > Hono Backend - /posts Router > POST /save - handles complex slug 
generation and success
AssertionError: expected 500 to be 200 // Object.is equality

[32m- Expected[39m
[31m+ Received[39m

[32m- 200[39m
[31m+ 500[39m

 Γ¥» functions/api/routes/posts.test.ts:282:24
    280|     });
    281|     const res = await postsRouter.request(req, {}, env, mockExecutionCΓÇª
    282|     expect(res.status).toBe(200);
       |                        ^
    283|     const body = await res.json() as any;
    284|     expect(body.slug).toBe("new-post-2023");

ΓÄ»ΓÄ»ΓÄ»ΓÄ»ΓÄ»ΓÄ»ΓÄ»ΓÄ»ΓÄ»ΓÄ»ΓÄ»ΓÄ»ΓÄ»ΓÄ»ΓÄ»ΓÄ»ΓÄ»ΓÄ»ΓÄ»ΓÄ»ΓÄ»ΓÄ»ΓÄ»ΓÄ»[3/7]ΓÄ»

 FAIL  functions/api/routes/posts.test.ts > Hono Backend - /posts Router > POST /save - handle slug collision
AssertionError: expected 500 to be 200 // Object.is equality

[32m- Expected[39m
[31m+ Received[39m

[32m- 200[39m
[31m+ 500[39m

 Γ¥» functions/api/routes/posts.test.ts:296:24
    294|     });
    295|     const res = await postsRouter.request(req, {}, env, mockExecutionCΓÇª
    296|     expect(res.status).toBe(200);
       |                        ^
    297|     const body = await res.json() as any;
    298|     expect(body.slug).toMatch(/new-post-.+/);

ΓÄ»ΓÄ»ΓÄ»ΓÄ»ΓÄ»ΓÄ»ΓÄ»ΓÄ»ΓÄ»ΓÄ»ΓÄ»ΓÄ»ΓÄ»ΓÄ»ΓÄ»ΓÄ»ΓÄ»ΓÄ»ΓÄ»ΓÄ»ΓÄ»ΓÄ»ΓÄ»ΓÄ»[4/7]ΓÄ»

 FAIL  functions/api/routes/posts.test.ts > Hono Backend - /posts Router > POST /save - dispatchSocials error
AssertionError: expected 500 to be 207 // Object.is equality

[32m- Expected[39m
[31m+ Received[39m

[32m- 207[39m
[31m+ 500[39m

 Γ¥» functions/api/routes/posts.test.ts:312:24
    310|     });
    311|     const res = await postsRouter.request(req, {}, env, mockExecutionCΓÇª
    312|     expect(res.status).toBe(207);
       |                        ^
    313|     const body = await res.json() as any;
    314|     expect(body.warning).toContain("Social Syndication Failed");

ΓÄ»ΓÄ»ΓÄ»ΓÄ»ΓÄ»ΓÄ»ΓÄ»ΓÄ»ΓÄ»ΓÄ»ΓÄ»ΓÄ»ΓÄ»ΓÄ»ΓÄ»ΓÄ»ΓÄ»ΓÄ»ΓÄ»ΓÄ»ΓÄ»ΓÄ»ΓÄ»ΓÄ»[5/7]ΓÄ»

 FAIL  functions/api/routes/posts.test.ts > Hono Backend - /posts Router > POST /save - Zulip error
AssertionError: expected 500 to be 207 // Object.is equality

[32m- Expected[39m
[31m+ Received[39m

[32m- 207[39m
[31m+ 500[39m

 Γ¥» functions/api/routes/posts.test.ts:328:24
    326|     });
    327|     const res = await postsRouter.request(req, {}, env, mockExecutionCΓÇª
    328|     expect(res.status).toBe(207);
       |                        ^
    329|     const body = await res.json() as any;
    330|     expect(body.warning).toContain("Zulip Notification Failed");

ΓÄ»ΓÄ»ΓÄ»ΓÄ»ΓÄ»ΓÄ»ΓÄ»ΓÄ»ΓÄ»ΓÄ»ΓÄ»ΓÄ»ΓÄ»ΓÄ»ΓÄ»ΓÄ»ΓÄ»ΓÄ»ΓÄ»ΓÄ»ΓÄ»ΓÄ»ΓÄ»ΓÄ»[6/7]ΓÄ»

 FAIL  functions/api/routes/posts.test.ts > Hono Backend - /posts Router > POST /save - pending notification error
AssertionError: expected 500 to be 200 // Object.is equality

[32m- Expected[39m
[31m+ Received[39m

[32m- 200[39m
[31m+ 500[39m

 Γ¥» functions/api/routes/posts.test.ts:345:24
    343|     const res = await postsRouter.request(req, {}, env, mockExecutionCΓÇª
    344|     // Even if notification fails, it doesn't add to warnings, it justΓÇª
    345|     expect(res.status).toBe(200);
       |                        ^
    346|   });
    347|

ΓÄ»ΓÄ»ΓÄ»ΓÄ»ΓÄ»ΓÄ»ΓÄ»ΓÄ»ΓÄ»ΓÄ»ΓÄ»ΓÄ»ΓÄ»ΓÄ»ΓÄ»ΓÄ»ΓÄ»ΓÄ»ΓÄ»ΓÄ»ΓÄ»ΓÄ»ΓÄ»ΓÄ»[7/7]ΓÄ»


 Test Files  1 failed (1)
      Tests  7 failed | 37 passed (44)
   Start at  17:05:59
   Duration  2.60s (transform 240ms, setup 534ms, import 733ms, tests 58ms, environment 1.07s)

