functions/utils/auth.ts(7,29): error TS2552: Cannot find name 'D1Database'. Did you mean 'IDBDatabase'?
functions/utils/auth.ts(16,13): error TS2353: Object literal may only specify known properties, and 'provider' does not exist in type 'KyselyAdapterConfig'.
functions/utils/auth.ts(33,17): error TS2353: Object literal may only specify known properties, and 'id' does not exist in type 'GenericOAuthOptions'.
functions/utils/auth.ts(72,21): error TS2322: Type '(session: { id: string; createdAt: Date; updatedAt: Date; userId: string; expiresAt: Date; token: string; ipAddress?: string; userAgent?: string; } & Record<string, unknown>) => Promise<...>' is not assignable to type '(session: { id: string; createdAt: Date; updatedAt: Date; userId: string; expiresAt: Date; token: string; ipAddress?: string; userAgent?: string; } & Record<string, unknown>, context: GenericEndpointContext) => Promise<...>'.
  Type 'Promise<{ id: string; createdAt: Date; updatedAt: Date; userId: string; expiresAt: Date; token: string; ipAddress?: string; userAgent?: string; } & Record<string, unknown>>' is not assignable to type 'Promise<void>'.
    Type '{ id: string; createdAt: Date; updatedAt: Date; userId: string; expiresAt: Date; token: string; ipAddress?: string; userAgent?: string; } & Record<string, unknown>' is not assignable to type 'void'.
functions/utils/auth.ts(107,21): error TS2322: Type '(user: { id: string; createdAt: Date; updatedAt: Date; emailVerified: boolean; name: string; email?: string; image?: string; } & Record<string, unknown>) => Promise<{ id: string; createdAt: Date; ... 4 more ...; image?: string; } & Record<...>>' is not assignable to type '(user: { id: string; createdAt: Date; updatedAt: Date; emailVerified: boolean; name: string; email?: string; image?: string; } & Record<string, unknown>, context: GenericEndpointContext) => Promise<...>'.
  Type 'Promise<{ id: string; createdAt: Date; updatedAt: Date; emailVerified: boolean; name: string; email?: string; image?: string; } & Record<string, unknown>>' is not assignable to type 'Promise<void>'.
    Type '{ id: string; createdAt: Date; updatedAt: Date; emailVerified: boolean; name: string; email?: string; image?: string; } & Record<string, unknown>' is not assignable to type 'void'.
