functions/api/middleware/auth.ts(8,123): error TS2591: Cannot find name 'process'. Do you need to install type definitions for node? Try `npm i --save-dev @types/node` and then add 'node' to the types field in your tsconfig.
functions/api/middleware/auth.ts(20,7): error TS2769: No overload matches this call.
  Overload 1 of 2, '(key: "sessionUser", value: SessionUser): void', gave the following error.
    Argument of type '{ id: string; email: string; name: string; image: null; role: string; member_type: string; }' is not assignable to parameter of type 'SessionUser'.
      Property 'nickname' is missing in type '{ id: string; email: string; name: string; image: null; role: string; member_type: string; }' but required in type 'SessionUser'.
  Overload 2 of 2, '(key: never, value: never): void', gave the following error.
    Argument of type '"sessionUser"' is not assignable to parameter of type 'never'.
functions/api/middleware/auth.ts(79,7): error TS2769: No overload matches this call.
  Overload 1 of 2, '(key: "sessionUser", value: SessionUser): void', gave the following error.
    Argument of type '{ id: string; email: string; name: string; image: null; role: string; member_type: string; }' is not assignable to parameter of type 'SessionUser'.
      Property 'nickname' is missing in type '{ id: string; email: string; name: string; image: null; role: string; member_type: string; }' but required in type 'SessionUser'.
  Overload 2 of 2, '(key: never, value: never): void', gave the following error.
    Argument of type '"sessionUser"' is not assignable to parameter of type 'never'.
functions/api/middleware/auth.ts(100,5): error TS2741: Property 'nickname' is missing in type '{ id: string; email: string; name: string; image: null; role: string; member_type: string; }' but required in type 'SessionUser'.
functions/api/middleware/env.ts(23,5): error TS2322: Type 'Record<string, unknown>' is not assignable to type 'Record<string, string | number | boolean | undefined>'.
  'string' index signatures are incompatible.
    Type 'unknown' is not assignable to type 'string | number | boolean | undefined'.
functions/api/middleware/env.ts(24,57): error TS2591: Cannot find name 'process'. Do you need to install type definitions for node? Try `npm i --save-dev @types/node` and then add 'node' to the types field in your tsconfig.
functions/api/routes/analytics.test.ts(30,5): error TS2304: Cannot find name 'global'.
functions/api/routes/analytics.test.ts(43,63): error TS2345: Argument of type '{ waitUntil: Mock<Procedure>; passThroughOnException: Mock<Procedure>; }' is not assignable to parameter of type 'ExecutionContext'.
  Property 'props' is missing in type '{ waitUntil: Mock<Procedure>; passThroughOnException: Mock<Procedure>; }' but required in type 'ExecutionContext'.
functions/api/routes/analytics.test.ts(59,59): error TS2345: Argument of type '{ waitUntil: Mock<Procedure>; passThroughOnException: Mock<Procedure>; }' is not assignable to parameter of type 'ExecutionContext'.
  Property 'props' is missing in type '{ waitUntil: Mock<Procedure>; passThroughOnException: Mock<Procedure>; }' but required in type 'ExecutionContext'.
functions/api/routes/analytics.test.ts(74,63): error TS2345: Argument of type '{ waitUntil: Mock<Procedure>; passThroughOnException: Mock<Procedure>; }' is not assignable to parameter of type 'ExecutionContext'.
  Property 'props' is missing in type '{ waitUntil: Mock<Procedure>; passThroughOnException: Mock<Procedure>; }' but required in type 'ExecutionContext'.
functions/api/routes/analytics.test.ts(89,63): error TS2345: Argument of type '{ waitUntil: Mock<Procedure>; passThroughOnException: Mock<Procedure>; }' is not assignable to parameter of type 'ExecutionContext'.
  Property 'props' is missing in type '{ waitUntil: Mock<Procedure>; passThroughOnException: Mock<Procedure>; }' but required in type 'ExecutionContext'.
functions/api/routes/analytics.test.ts(103,59): error TS2345: Argument of type '{ waitUntil: Mock<Procedure>; passThroughOnException: Mock<Procedure>; }' is not assignable to parameter of type 'ExecutionContext'.
  Property 'props' is missing in type '{ waitUntil: Mock<Procedure>; passThroughOnException: Mock<Procedure>; }' but required in type 'ExecutionContext'.
functions/api/routes/analytics.test.ts(118,63): error TS2345: Argument of type '{ waitUntil: Mock<Procedure>; passThroughOnException: Mock<Procedure>; }' is not assignable to parameter of type 'ExecutionContext'.
  Property 'props' is missing in type '{ waitUntil: Mock<Procedure>; passThroughOnException: Mock<Procedure>; }' but required in type 'ExecutionContext'.
functions/api/routes/analytics.test.ts(133,63): error TS2345: Argument of type '{ waitUntil: Mock<Procedure>; passThroughOnException: Mock<Procedure>; }' is not assignable to parameter of type 'ExecutionContext'.
  Property 'props' is missing in type '{ waitUntil: Mock<Procedure>; passThroughOnException: Mock<Procedure>; }' but required in type 'ExecutionContext'.
functions/api/routes/analytics.test.ts(144,63): error TS2345: Argument of type '{ waitUntil: Mock<Procedure>; passThroughOnException: Mock<Procedure>; }' is not assignable to parameter of type 'ExecutionContext'.
  Property 'props' is missing in type '{ waitUntil: Mock<Procedure>; passThroughOnException: Mock<Procedure>; }' but required in type 'ExecutionContext'.
functions/api/routes/analytics.test.ts(156,63): error TS2345: Argument of type '{ waitUntil: Mock<Procedure>; passThroughOnException: Mock<Procedure>; }' is not assignable to parameter of type 'ExecutionContext'.
  Property 'props' is missing in type '{ waitUntil: Mock<Procedure>; passThroughOnException: Mock<Procedure>; }' but required in type 'ExecutionContext'.
functions/api/routes/analytics.test.ts(167,63): error TS2345: Argument of type '{ waitUntil: Mock<Procedure>; passThroughOnException: Mock<Procedure>; }' is not assignable to parameter of type 'ExecutionContext'.
  Property 'props' is missing in type '{ waitUntil: Mock<Procedure>; passThroughOnException: Mock<Procedure>; }' but required in type 'ExecutionContext'.
functions/api/routes/comments.ts(141,36): error TS2345: Argument of type 'number' is not assignable to parameter of type 'string'.
functions/api/routes/comments.ts(171,36): error TS2345: Argument of type 'number' is not assignable to parameter of type 'string'.
functions/api/routes/events/admin.test.ts(91,57): error TS2345: Argument of type '{ waitUntil: Mock<Procedure>; passThroughOnException: Mock<Procedure>; }' is not assignable to parameter of type 'ExecutionContext'.
  Property 'props' is missing in type '{ waitUntil: Mock<Procedure>; passThroughOnException: Mock<Procedure>; }' but required in type 'ExecutionContext'.
functions/api/routes/events/admin.test.ts(101,57): error TS2345: Argument of type '{ waitUntil: Mock<Procedure>; passThroughOnException: Mock<Procedure>; }' is not assignable to parameter of type 'ExecutionContext'.
  Property 'props' is missing in type '{ waitUntil: Mock<Procedure>; passThroughOnException: Mock<Procedure>; }' but required in type 'ExecutionContext'.
functions/api/routes/events/admin.test.ts(108,57): error TS2345: Argument of type '{ waitUntil: Mock<Procedure>; passThroughOnException: Mock<Procedure>; }' is not assignable to parameter of type 'ExecutionContext'.
  Property 'props' is missing in type '{ waitUntil: Mock<Procedure>; passThroughOnException: Mock<Procedure>; }' but required in type 'ExecutionContext'.
functions/api/routes/events/admin.test.ts(123,57): error TS2345: Argument of type '{ waitUntil: Mock<Procedure>; passThroughOnException: Mock<Procedure>; }' is not assignable to parameter of type 'ExecutionContext'.
  Property 'props' is missing in type '{ waitUntil: Mock<Procedure>; passThroughOnException: Mock<Procedure>; }' but required in type 'ExecutionContext'.
functions/api/routes/events/admin.test.ts(134,57): error TS2345: Argument of type '{ waitUntil: Mock<Procedure>; passThroughOnException: Mock<Procedure>; }' is not assignable to parameter of type 'ExecutionContext'.
  Property 'props' is missing in type '{ waitUntil: Mock<Procedure>; passThroughOnException: Mock<Procedure>; }' but required in type 'ExecutionContext'.
functions/api/routes/events/admin.test.ts(145,57): error TS2345: Argument of type '{ waitUntil: Mock<Procedure>; passThroughOnException: Mock<Procedure>; }' is not assignable to parameter of type 'ExecutionContext'.
  Property 'props' is missing in type '{ waitUntil: Mock<Procedure>; passThroughOnException: Mock<Procedure>; }' but required in type 'ExecutionContext'.
functions/api/routes/events/admin.test.ts(152,57): error TS2345: Argument of type '{ waitUntil: Mock<Procedure>; passThroughOnException: Mock<Procedure>; }' is not assignable to parameter of type 'ExecutionContext'.
  Property 'props' is missing in type '{ waitUntil: Mock<Procedure>; passThroughOnException: Mock<Procedure>; }' but required in type 'ExecutionContext'.
functions/api/routes/events/admin.test.ts(163,57): error TS2345: Argument of type '{ waitUntil: Mock<Procedure>; passThroughOnException: Mock<Procedure>; }' is not assignable to parameter of type 'ExecutionContext'.
  Property 'props' is missing in type '{ waitUntil: Mock<Procedure>; passThroughOnException: Mock<Procedure>; }' but required in type 'ExecutionContext'.
functions/api/routes/events/admin.test.ts(176,57): error TS2345: Argument of type '{ waitUntil: Mock<Procedure>; passThroughOnException: Mock<Procedure>; }' is not assignable to parameter of type 'ExecutionContext'.
  Property 'props' is missing in type '{ waitUntil: Mock<Procedure>; passThroughOnException: Mock<Procedure>; }' but required in type 'ExecutionContext'.
functions/api/routes/events/admin.test.ts(182,57): error TS2345: Argument of type '{ waitUntil: Mock<Procedure>; passThroughOnException: Mock<Procedure>; }' is not assignable to parameter of type 'ExecutionContext'.
  Property 'props' is missing in type '{ waitUntil: Mock<Procedure>; passThroughOnException: Mock<Procedure>; }' but required in type 'ExecutionContext'.
functions/api/routes/events/admin.test.ts(194,57): error TS2345: Argument of type '{ waitUntil: Mock<Procedure>; passThroughOnException: Mock<Procedure>; }' is not assignable to parameter of type 'ExecutionContext'.
  Property 'props' is missing in type '{ waitUntil: Mock<Procedure>; passThroughOnException: Mock<Procedure>; }' but required in type 'ExecutionContext'.
functions/api/routes/events/admin.test.ts(203,57): error TS2345: Argument of type '{ waitUntil: Mock<Procedure>; passThroughOnException: Mock<Procedure>; }' is not assignable to parameter of type 'ExecutionContext'.
  Property 'props' is missing in type '{ waitUntil: Mock<Procedure>; passThroughOnException: Mock<Procedure>; }' but required in type 'ExecutionContext'.
functions/api/routes/events/admin.test.ts(213,57): error TS2345: Argument of type '{ waitUntil: Mock<Procedure>; passThroughOnException: Mock<Procedure>; }' is not assignable to parameter of type 'ExecutionContext'.
  Property 'props' is missing in type '{ waitUntil: Mock<Procedure>; passThroughOnException: Mock<Procedure>; }' but required in type 'ExecutionContext'.
functions/api/routes/events/admin.test.ts(224,57): error TS2345: Argument of type '{ waitUntil: Mock<Procedure>; passThroughOnException: Mock<Procedure>; }' is not assignable to parameter of type 'ExecutionContext'.
  Property 'props' is missing in type '{ waitUntil: Mock<Procedure>; passThroughOnException: Mock<Procedure>; }' but required in type 'ExecutionContext'.
functions/api/routes/events/admin.test.ts(234,57): error TS2345: Argument of type '{ waitUntil: Mock<Procedure>; passThroughOnException: Mock<Procedure>; }' is not assignable to parameter of type 'ExecutionContext'.
  Property 'props' is missing in type '{ waitUntil: Mock<Procedure>; passThroughOnException: Mock<Procedure>; }' but required in type 'ExecutionContext'.
functions/api/routes/events/admin.test.ts(245,57): error TS2345: Argument of type '{ waitUntil: Mock<Procedure>; passThroughOnException: Mock<Procedure>; }' is not assignable to parameter of type 'ExecutionContext'.
  Property 'props' is missing in type '{ waitUntil: Mock<Procedure>; passThroughOnException: Mock<Procedure>; }' but required in type 'ExecutionContext'.
functions/api/routes/events/admin.test.ts(252,57): error TS2345: Argument of type '{ waitUntil: Mock<Procedure>; passThroughOnException: Mock<Procedure>; }' is not assignable to parameter of type 'ExecutionContext'.
  Property 'props' is missing in type '{ waitUntil: Mock<Procedure>; passThroughOnException: Mock<Procedure>; }' but required in type 'ExecutionContext'.
functions/api/routes/events/admin.test.ts(263,57): error TS2345: Argument of type '{ waitUntil: Mock<Procedure>; passThroughOnException: Mock<Procedure>; }' is not assignable to parameter of type 'ExecutionContext'.
  Property 'props' is missing in type '{ waitUntil: Mock<Procedure>; passThroughOnException: Mock<Procedure>; }' but required in type 'ExecutionContext'.
functions/api/routes/events/admin.test.ts(273,57): error TS2345: Argument of type '{ waitUntil: Mock<Procedure>; passThroughOnException: Mock<Procedure>; }' is not assignable to parameter of type 'ExecutionContext'.
  Property 'props' is missing in type '{ waitUntil: Mock<Procedure>; passThroughOnException: Mock<Procedure>; }' but required in type 'ExecutionContext'.
functions/api/routes/events/admin.test.ts(284,57): error TS2345: Argument of type '{ waitUntil: Mock<Procedure>; passThroughOnException: Mock<Procedure>; }' is not assignable to parameter of type 'ExecutionContext'.
  Property 'props' is missing in type '{ waitUntil: Mock<Procedure>; passThroughOnException: Mock<Procedure>; }' but required in type 'ExecutionContext'.
functions/api/routes/events/admin.test.ts(295,57): error TS2345: Argument of type '{ waitUntil: Mock<Procedure>; passThroughOnException: Mock<Procedure>; }' is not assignable to parameter of type 'ExecutionContext'.
  Property 'props' is missing in type '{ waitUntil: Mock<Procedure>; passThroughOnException: Mock<Procedure>; }' but required in type 'ExecutionContext'.
functions/api/routes/events/admin.test.ts(302,5): error TS2578: Unused '@ts-expect-error' directive.
functions/api/routes/events/admin.test.ts(310,57): error TS2345: Argument of type '{ waitUntil: Mock<Procedure>; passThroughOnException: Mock<Procedure>; }' is not assignable to parameter of type 'ExecutionContext'.
  Property 'props' is missing in type '{ waitUntil: Mock<Procedure>; passThroughOnException: Mock<Procedure>; }' but required in type 'ExecutionContext'.
functions/api/routes/events/admin.test.ts(317,5): error TS2578: Unused '@ts-expect-error' directive.
functions/api/routes/events/admin.test.ts(325,57): error TS2345: Argument of type '{ waitUntil: Mock<Procedure>; passThroughOnException: Mock<Procedure>; }' is not assignable to parameter of type 'ExecutionContext'.
  Property 'props' is missing in type '{ waitUntil: Mock<Procedure>; passThroughOnException: Mock<Procedure>; }' but required in type 'ExecutionContext'.
functions/api/routes/events/admin.test.ts(335,5): error TS2578: Unused '@ts-expect-error' directive.
functions/api/routes/events/admin.test.ts(343,57): error TS2345: Argument of type '{ waitUntil: Mock<Procedure>; passThroughOnException: Mock<Procedure>; }' is not assignable to parameter of type 'ExecutionContext'.
  Property 'props' is missing in type '{ waitUntil: Mock<Procedure>; passThroughOnException: Mock<Procedure>; }' but required in type 'ExecutionContext'.
functions/api/routes/events/admin.ts(94,23): error TS7053: Element implicitly has an 'any' type because expression of type '"GCAL_SERVICE_ACCOUNT_EMAIL"' can't be used to index type 'SocialConfig'.
  Property 'GCAL_SERVICE_ACCOUNT_EMAIL' does not exist on type 'SocialConfig'.
functions/api/routes/events/admin.ts(95,21): error TS7053: Element implicitly has an 'any' type because expression of type '"GCAL_PRIVATE_KEY"' can't be used to index type 'SocialConfig'.
  Property 'GCAL_PRIVATE_KEY' does not exist on type 'SocialConfig'.
functions/api/routes/events/admin.ts(98,43): error TS7053: Element implicitly has an 'any' type because expression of type '"CALENDAR_ID"' can't be used to index type 'SocialConfig'.
  Property 'CALENDAR_ID' does not exist on type 'SocialConfig'.
functions/api/routes/events/admin.ts(203,23): error TS7053: Element implicitly has an 'any' type because expression of type '"GCAL_SERVICE_ACCOUNT_EMAIL"' can't be used to index type 'SocialConfig'.
  Property 'GCAL_SERVICE_ACCOUNT_EMAIL' does not exist on type 'SocialConfig'.
functions/api/routes/events/admin.ts(204,21): error TS7053: Element implicitly has an 'any' type because expression of type '"GCAL_PRIVATE_KEY"' can't be used to index type 'SocialConfig'.
  Property 'GCAL_PRIVATE_KEY' does not exist on type 'SocialConfig'.
functions/api/routes/events/admin.ts(207,43): error TS7053: Element implicitly has an 'any' type because expression of type '"CALENDAR_ID"' can't be used to index type 'SocialConfig'.
  Property 'CALENDAR_ID' does not exist on type 'SocialConfig'.
functions/api/routes/events/signups.test.ts(43,59): error TS2345: Argument of type '{ waitUntil: Mock<Procedure>; passThroughOnException: Mock<Procedure>; }' is not assignable to parameter of type 'ExecutionContext'.
  Property 'props' is missing in type '{ waitUntil: Mock<Procedure>; passThroughOnException: Mock<Procedure>; }' but required in type 'ExecutionContext'.
functions/api/routes/events/signups.test.ts(57,59): error TS2345: Argument of type '{ waitUntil: Mock<Procedure>; passThroughOnException: Mock<Procedure>; }' is not assignable to parameter of type 'ExecutionContext'.
  Property 'props' is missing in type '{ waitUntil: Mock<Procedure>; passThroughOnException: Mock<Procedure>; }' but required in type 'ExecutionContext'.
functions/api/routes/events/signups.test.ts(68,59): error TS2345: Argument of type '{ waitUntil: Mock<Procedure>; passThroughOnException: Mock<Procedure>; }' is not assignable to parameter of type 'ExecutionContext'.
  Property 'props' is missing in type '{ waitUntil: Mock<Procedure>; passThroughOnException: Mock<Procedure>; }' but required in type 'ExecutionContext'.
functions/api/routes/events/signups.test.ts(81,59): error TS2345: Argument of type '{ waitUntil: Mock<Procedure>; passThroughOnException: Mock<Procedure>; }' is not assignable to parameter of type 'ExecutionContext'.
  Property 'props' is missing in type '{ waitUntil: Mock<Procedure>; passThroughOnException: Mock<Procedure>; }' but required in type 'ExecutionContext'.
functions/api/routes/events/signups.test.ts(92,59): error TS2345: Argument of type '{ waitUntil: Mock<Procedure>; passThroughOnException: Mock<Procedure>; }' is not assignable to parameter of type 'ExecutionContext'.
  Property 'props' is missing in type '{ waitUntil: Mock<Procedure>; passThroughOnException: Mock<Procedure>; }' but required in type 'ExecutionContext'.
functions/api/routes/events/signups.test.ts(98,59): error TS2345: Argument of type '{ waitUntil: Mock<Procedure>; passThroughOnException: Mock<Procedure>; }' is not assignable to parameter of type 'ExecutionContext'.
  Property 'props' is missing in type '{ waitUntil: Mock<Procedure>; passThroughOnException: Mock<Procedure>; }' but required in type 'ExecutionContext'.
functions/api/routes/events/signups.test.ts(108,59): error TS2345: Argument of type '{ waitUntil: Mock<Procedure>; passThroughOnException: Mock<Procedure>; }' is not assignable to parameter of type 'ExecutionContext'.
  Property 'props' is missing in type '{ waitUntil: Mock<Procedure>; passThroughOnException: Mock<Procedure>; }' but required in type 'ExecutionContext'.
functions/api/routes/events/signups.test.ts(118,59): error TS2345: Argument of type '{ waitUntil: Mock<Procedure>; passThroughOnException: Mock<Procedure>; }' is not assignable to parameter of type 'ExecutionContext'.
  Property 'props' is missing in type '{ waitUntil: Mock<Procedure>; passThroughOnException: Mock<Procedure>; }' but required in type 'ExecutionContext'.
functions/api/routes/events/signups.test.ts(129,59): error TS2345: Argument of type '{ waitUntil: Mock<Procedure>; passThroughOnException: Mock<Procedure>; }' is not assignable to parameter of type 'ExecutionContext'.
  Property 'props' is missing in type '{ waitUntil: Mock<Procedure>; passThroughOnException: Mock<Procedure>; }' but required in type 'ExecutionContext'.
functions/api/routes/events/signups.test.ts(140,61): error TS2345: Argument of type '{ waitUntil: Mock<Procedure>; passThroughOnException: Mock<Procedure>; }' is not assignable to parameter of type 'ExecutionContext'.
  Property 'props' is missing in type '{ waitUntil: Mock<Procedure>; passThroughOnException: Mock<Procedure>; }' but required in type 'ExecutionContext'.
functions/api/routes/events/signups.test.ts(151,61): error TS2345: Argument of type '{ waitUntil: Mock<Procedure>; passThroughOnException: Mock<Procedure>; }' is not assignable to parameter of type 'ExecutionContext'.
  Property 'props' is missing in type '{ waitUntil: Mock<Procedure>; passThroughOnException: Mock<Procedure>; }' but required in type 'ExecutionContext'.
functions/api/routes/events/signups.test.ts(158,61): error TS2345: Argument of type '{ waitUntil: Mock<Procedure>; passThroughOnException: Mock<Procedure>; }' is not assignable to parameter of type 'ExecutionContext'.
  Property 'props' is missing in type '{ waitUntil: Mock<Procedure>; passThroughOnException: Mock<Procedure>; }' but required in type 'ExecutionContext'.
functions/api/routes/events/signups.test.ts(168,61): error TS2345: Argument of type '{ waitUntil: Mock<Procedure>; passThroughOnException: Mock<Procedure>; }' is not assignable to parameter of type 'ExecutionContext'.
  Property 'props' is missing in type '{ waitUntil: Mock<Procedure>; passThroughOnException: Mock<Procedure>; }' but required in type 'ExecutionContext'.
functions/api/routes/judges.test.ts(31,5): error TS2304: Cannot find name 'global'.
functions/api/routes/judges.test.ts(38,7): error TS2304: Cannot find name 'global'.
functions/api/routes/judges.test.ts(48,60): error TS2345: Argument of type '{ waitUntil: Mock<Procedure>; passThroughOnException: Mock<Procedure>; }' is not assignable to parameter of type 'ExecutionContext'.
  Property 'props' is missing in type '{ waitUntil: Mock<Procedure>; passThroughOnException: Mock<Procedure>; }' but required in type 'ExecutionContext'.
functions/api/routes/judges.test.ts(61,60): error TS2345: Argument of type '{ waitUntil: Mock<Procedure>; passThroughOnException: Mock<Procedure>; }' is not assignable to parameter of type 'ExecutionContext'.
  Property 'props' is missing in type '{ waitUntil: Mock<Procedure>; passThroughOnException: Mock<Procedure>; }' but required in type 'ExecutionContext'.
functions/api/routes/judges.test.ts(74,60): error TS2345: Argument of type '{ waitUntil: Mock<Procedure>; passThroughOnException: Mock<Procedure>; }' is not assignable to parameter of type 'ExecutionContext'.
  Property 'props' is missing in type '{ waitUntil: Mock<Procedure>; passThroughOnException: Mock<Procedure>; }' but required in type 'ExecutionContext'.
functions/api/routes/judges.test.ts(85,60): error TS2345: Argument of type '{ waitUntil: Mock<Procedure>; passThroughOnException: Mock<Procedure>; }' is not assignable to parameter of type 'ExecutionContext'.
  Property 'props' is missing in type '{ waitUntil: Mock<Procedure>; passThroughOnException: Mock<Procedure>; }' but required in type 'ExecutionContext'.
functions/api/routes/judges.test.ts(95,60): error TS2345: Argument of type '{ waitUntil: Mock<Procedure>; passThroughOnException: Mock<Procedure>; }' is not assignable to parameter of type 'ExecutionContext'.
  Property 'props' is missing in type '{ waitUntil: Mock<Procedure>; passThroughOnException: Mock<Procedure>; }' but required in type 'ExecutionContext'.
functions/api/routes/judges.test.ts(111,60): error TS2345: Argument of type '{ waitUntil: Mock<Procedure>; passThroughOnException: Mock<Procedure>; }' is not assignable to parameter of type 'ExecutionContext'.
  Property 'props' is missing in type '{ waitUntil: Mock<Procedure>; passThroughOnException: Mock<Procedure>; }' but required in type 'ExecutionContext'.
functions/api/routes/judges.test.ts(129,60): error TS2345: Argument of type '{ waitUntil: Mock<Procedure>; passThroughOnException: Mock<Procedure>; }' is not assignable to parameter of type 'ExecutionContext'.
  Property 'props' is missing in type '{ waitUntil: Mock<Procedure>; passThroughOnException: Mock<Procedure>; }' but required in type 'ExecutionContext'.
functions/api/routes/judges.test.ts(142,60): error TS2345: Argument of type '{ waitUntil: Mock<Procedure>; passThroughOnException: Mock<Procedure>; }' is not assignable to parameter of type 'ExecutionContext'.
  Property 'props' is missing in type '{ waitUntil: Mock<Procedure>; passThroughOnException: Mock<Procedure>; }' but required in type 'ExecutionContext'.
functions/api/routes/judges.test.ts(155,60): error TS2345: Argument of type '{ waitUntil: Mock<Procedure>; passThroughOnException: Mock<Procedure>; }' is not assignable to parameter of type 'ExecutionContext'.
  Property 'props' is missing in type '{ waitUntil: Mock<Procedure>; passThroughOnException: Mock<Procedure>; }' but required in type 'ExecutionContext'.
functions/api/routes/media.test.ts(12,53): error TS2307: Cannot find module '../../middleware' or its corresponding type declarations.
functions/api/routes/media.ts(214,26): error TS2339: Property 'default' does not exist on type 'CacheStorage'.
functions/api/routes/media.ts(253,49): error TS2345: Argument of type 'string | undefined' is not assignable to parameter of type 'string'.
  Type 'undefined' is not assignable to type 'string'.
functions/api/routes/media.ts(256,22): error TS18048: 'oldKey' is possibly 'undefined'.
functions/api/routes/media.ts(260,36): error TS18048: 'object.httpMetadata' is possibly 'undefined'.
functions/api/routes/media.ts(262,37): error TS2345: Argument of type 'string | undefined' is not assignable to parameter of type 'string | string[]'.
  Type 'undefined' is not assignable to type 'string | string[]'.
functions/api/routes/media.ts(281,37): error TS2345: Argument of type 'string | undefined' is not assignable to parameter of type 'string | string[]'.
  Type 'undefined' is not assignable to type 'string | string[]'.
functions/api/routes/notifications.test.ts(38,67): error TS2345: Argument of type '{ waitUntil: Mock<Procedure>; passThroughOnException: Mock<Procedure>; }' is not assignable to parameter of type 'ExecutionContext'.
  Property 'props' is missing in type '{ waitUntil: Mock<Procedure>; passThroughOnException: Mock<Procedure>; }' but required in type 'ExecutionContext'.
functions/api/routes/notifications.test.ts(52,67): error TS2345: Argument of type '{ waitUntil: Mock<Procedure>; passThroughOnException: Mock<Procedure>; }' is not assignable to parameter of type 'ExecutionContext'.
  Property 'props' is missing in type '{ waitUntil: Mock<Procedure>; passThroughOnException: Mock<Procedure>; }' but required in type 'ExecutionContext'.
functions/api/routes/notifications.test.ts(67,67): error TS2345: Argument of type '{ waitUntil: Mock<Procedure>; passThroughOnException: Mock<Procedure>; }' is not assignable to parameter of type 'ExecutionContext'.
  Property 'props' is missing in type '{ waitUntil: Mock<Procedure>; passThroughOnException: Mock<Procedure>; }' but required in type 'ExecutionContext'.
functions/api/routes/notifications.test.ts(80,67): error TS2345: Argument of type '{ waitUntil: Mock<Procedure>; passThroughOnException: Mock<Procedure>; }' is not assignable to parameter of type 'ExecutionContext'.
  Property 'props' is missing in type '{ waitUntil: Mock<Procedure>; passThroughOnException: Mock<Procedure>; }' but required in type 'ExecutionContext'.
functions/api/routes/notifications.test.ts(95,67): error TS2345: Argument of type '{ waitUntil: Mock<Procedure>; passThroughOnException: Mock<Procedure>; }' is not assignable to parameter of type 'ExecutionContext'.
  Property 'props' is missing in type '{ waitUntil: Mock<Procedure>; passThroughOnException: Mock<Procedure>; }' but required in type 'ExecutionContext'.
functions/api/routes/notifications.test.ts(108,67): error TS2345: Argument of type '{ waitUntil: Mock<Procedure>; passThroughOnException: Mock<Procedure>; }' is not assignable to parameter of type 'ExecutionContext'.
  Property 'props' is missing in type '{ waitUntil: Mock<Procedure>; passThroughOnException: Mock<Procedure>; }' but required in type 'ExecutionContext'.
functions/api/routes/profiles.test.ts(2,10): error TS2300: Duplicate identifier 'describe'.
functions/api/routes/profiles.test.ts(2,20): error TS2300: Duplicate identifier 'it'.
functions/api/routes/profiles.test.ts(2,24): error TS2300: Duplicate identifier 'expect'.
functions/api/routes/profiles.test.ts(2,32): error TS2300: Duplicate identifier 'vi'.
functions/api/routes/profiles.test.ts(2,36): error TS2300: Duplicate identifier 'beforeEach'.
functions/api/routes/profiles.test.ts(3,10): error TS2300: Duplicate identifier 'describe'.
functions/api/routes/profiles.test.ts(3,20): error TS2300: Duplicate identifier 'it'.
functions/api/routes/profiles.test.ts(3,24): error TS2300: Duplicate identifier 'expect'.
functions/api/routes/profiles.test.ts(3,32): error TS2300: Duplicate identifier 'vi'.
functions/api/routes/profiles.test.ts(3,36): error TS2300: Duplicate identifier 'beforeEach'.
functions/api/routes/seasons/admin.test.ts(56,64): error TS2345: Argument of type '{ waitUntil: Mock<Procedure>; passThroughOnException: Mock<Procedure>; }' is not assignable to parameter of type 'ExecutionContext'.
  Property 'props' is missing in type '{ waitUntil: Mock<Procedure>; passThroughOnException: Mock<Procedure>; }' but required in type 'ExecutionContext'.
functions/api/routes/seasons/admin.test.ts(69,64): error TS2345: Argument of type '{ waitUntil: Mock<Procedure>; passThroughOnException: Mock<Procedure>; }' is not assignable to parameter of type 'ExecutionContext'.
  Property 'props' is missing in type '{ waitUntil: Mock<Procedure>; passThroughOnException: Mock<Procedure>; }' but required in type 'ExecutionContext'.
functions/api/routes/seasons/admin.test.ts(91,64): error TS2345: Argument of type '{ waitUntil: Mock<Procedure>; passThroughOnException: Mock<Procedure>; }' is not assignable to parameter of type 'ExecutionContext'.
  Property 'props' is missing in type '{ waitUntil: Mock<Procedure>; passThroughOnException: Mock<Procedure>; }' but required in type 'ExecutionContext'.
functions/api/routes/seasons/admin.test.ts(111,64): error TS2345: Argument of type '{ waitUntil: Mock<Procedure>; passThroughOnException: Mock<Procedure>; }' is not assignable to parameter of type 'ExecutionContext'.
  Property 'props' is missing in type '{ waitUntil: Mock<Procedure>; passThroughOnException: Mock<Procedure>; }' but required in type 'ExecutionContext'.
functions/api/routes/seasons/admin.test.ts(124,64): error TS2345: Argument of type '{ waitUntil: Mock<Procedure>; passThroughOnException: Mock<Procedure>; }' is not assignable to parameter of type 'ExecutionContext'.
  Property 'props' is missing in type '{ waitUntil: Mock<Procedure>; passThroughOnException: Mock<Procedure>; }' but required in type 'ExecutionContext'.
functions/api/routes/seasons/admin.test.ts(131,64): error TS2345: Argument of type '{ waitUntil: Mock<Procedure>; passThroughOnException: Mock<Procedure>; }' is not assignable to parameter of type 'ExecutionContext'.
  Property 'props' is missing in type '{ waitUntil: Mock<Procedure>; passThroughOnException: Mock<Procedure>; }' but required in type 'ExecutionContext'.
functions/api/routes/seasons/admin.test.ts(143,64): error TS2345: Argument of type '{ waitUntil: Mock<Procedure>; passThroughOnException: Mock<Procedure>; }' is not assignable to parameter of type 'ExecutionContext'.
  Property 'props' is missing in type '{ waitUntil: Mock<Procedure>; passThroughOnException: Mock<Procedure>; }' but required in type 'ExecutionContext'.
functions/api/routes/seasons/admin.test.ts(153,64): error TS2345: Argument of type '{ waitUntil: Mock<Procedure>; passThroughOnException: Mock<Procedure>; }' is not assignable to parameter of type 'ExecutionContext'.
  Property 'props' is missing in type '{ waitUntil: Mock<Procedure>; passThroughOnException: Mock<Procedure>; }' but required in type 'ExecutionContext'.
functions/api/routes/seasons/admin.ts(110,58): error TS2345: Argument of type 'string | undefined' is not assignable to parameter of type 'string | null'.
  Type 'undefined' is not assignable to type 'string | null'.
functions/api/routes/seasons/index.test.ts(33,59): error TS2345: Argument of type '{ waitUntil: Mock<Procedure>; passThroughOnException: Mock<Procedure>; }' is not assignable to parameter of type 'ExecutionContext'.
  Property 'props' is missing in type '{ waitUntil: Mock<Procedure>; passThroughOnException: Mock<Procedure>; }' but required in type 'ExecutionContext'.
functions/api/routes/seasons/index.test.ts(45,59): error TS2345: Argument of type '{ waitUntil: Mock<Procedure>; passThroughOnException: Mock<Procedure>; }' is not assignable to parameter of type 'ExecutionContext'.
  Property 'props' is missing in type '{ waitUntil: Mock<Procedure>; passThroughOnException: Mock<Procedure>; }' but required in type 'ExecutionContext'.
functions/api/routes/seasons/index.test.ts(63,59): error TS2345: Argument of type '{ waitUntil: Mock<Procedure>; passThroughOnException: Mock<Procedure>; }' is not assignable to parameter of type 'ExecutionContext'.
  Property 'props' is missing in type '{ waitUntil: Mock<Procedure>; passThroughOnException: Mock<Procedure>; }' but required in type 'ExecutionContext'.
functions/api/routes/seasons/index.test.ts(82,59): error TS2345: Argument of type '{ waitUntil: Mock<Procedure>; passThroughOnException: Mock<Procedure>; }' is not assignable to parameter of type 'ExecutionContext'.
  Property 'props' is missing in type '{ waitUntil: Mock<Procedure>; passThroughOnException: Mock<Procedure>; }' but required in type 'ExecutionContext'.
functions/api/routes/seasons/index.test.ts(94,59): error TS2345: Argument of type '{ waitUntil: Mock<Procedure>; passThroughOnException: Mock<Procedure>; }' is not assignable to parameter of type 'ExecutionContext'.
  Property 'props' is missing in type '{ waitUntil: Mock<Procedure>; passThroughOnException: Mock<Procedure>; }' but required in type 'ExecutionContext'.
functions/api/routes/seasons/index.test.ts(105,59): error TS2345: Argument of type '{ waitUntil: Mock<Procedure>; passThroughOnException: Mock<Procedure>; }' is not assignable to parameter of type 'ExecutionContext'.
  Property 'props' is missing in type '{ waitUntil: Mock<Procedure>; passThroughOnException: Mock<Procedure>; }' but required in type 'ExecutionContext'.
functions/api/routes/seasons/index.test.ts(116,59): error TS2345: Argument of type '{ waitUntil: Mock<Procedure>; passThroughOnException: Mock<Procedure>; }' is not assignable to parameter of type 'ExecutionContext'.
  Property 'props' is missing in type '{ waitUntil: Mock<Procedure>; passThroughOnException: Mock<Procedure>; }' but required in type 'ExecutionContext'.
functions/api/routes/sitemap.ts(20,21): error TS2304: Cannot find name 'siteConfig'.
functions/api/routes/sponsors.ts(12,3): error TS2322: Type '({ c }: { c: any; }) => Promise<{ status: number; body: { sponsors: any; }; }>' is not assignable to type 'RecursiveRouterObj<{ [x: string]: any; method: "GET"; summary: "Get all public sponsors"; }, AppEnv>'.
functions/api/routes/sponsors.ts(12,25): error TS7031: Binding element 'c' implicitly has an 'any' type.
functions/api/routes/sponsors.ts(29,3): error TS2322: Type '({ c }: { c: any; }) => Promise<{ status: number; body: { sponsors: any; }; }>' is not assignable to type 'RecursiveRouterObj<{ [x: string]: any; method: "GET"; summary: "Get all sponsors (admin view)"; }, AppEnv>'.
functions/api/routes/sponsors.ts(29,30): error TS7031: Binding element 'c' implicitly has an 'any' type.
functions/api/routes/sponsors.ts(48,3): error TS2322: Type '({ body, c }: { body: any; c: any; }) => Promise<{ status: number; body: { success: boolean; id: any; }; } | { status: number; body: { success: boolean; id?: undefined; }; }>' is not assignable to type 'RecursiveRouterObj<{ [x: string]: any; method: "POST"; body: ZodObject<{ id: ZodOptional<ZodString>; name: ZodString; tier: ZodEnum<{ Titanium: "Titanium"; Gold: "Gold"; Silver: "Silver"; Bronze: "Bronze"; "In-Kind": "In-Kind"; }>; logo_url: ZodUnion<...>; website_url: ZodUnion<...>; is_active: ZodDefault<...>; }, $...'.
functions/api/routes/sponsors.ts(48,27): error TS7031: Binding element 'body' implicitly has an 'any' type.
functions/api/routes/sponsors.ts(48,33): error TS7031: Binding element 'c' implicitly has an 'any' type.
functions/api/routes/sponsors.ts(63,22): error TS7006: Parameter 'oc' implicitly has an 'any' type.
functions/api/routes/sponsors.ts(66,20): error TS7006: Parameter 'eb' implicitly has an 'any' type.
functions/api/routes/sponsors.ts(67,20): error TS7006: Parameter 'eb' implicitly has an 'any' type.
functions/api/routes/sponsors.ts(68,24): error TS7006: Parameter 'eb' implicitly has an 'any' type.
functions/api/routes/sponsors.ts(69,27): error TS7006: Parameter 'eb' implicitly has an 'any' type.
functions/api/routes/sponsors.ts(70,25): error TS7006: Parameter 'eb' implicitly has an 'any' type.
functions/api/routes/sponsors.ts(85,3): error TS2322: Type '({ params, c }: { params: any; c: any; }) => Promise<{ status: number; body: { success: boolean; }; }>' is not assignable to type 'RecursiveRouterObj<{ [x: string]: any; method: "DELETE"; body: ContractNullType; summary: "Delete a sponsor"; pathParams: ZodObject<{ id: ZodString; }, $strip>; }, AppEnv>'.
functions/api/routes/sponsors.ts(85,27): error TS7031: Binding element 'params' implicitly has an 'any' type.
functions/api/routes/sponsors.ts(85,35): error TS7031: Binding element 'c' implicitly has an 'any' type.
functions/api/routes/users.test.ts(162,11): error TS2339: Property 'ENCRYPTION_SECRET' does not exist on type '{ DB: any; DEV_BYPASS: string; }'.
functions/utils/crypto.ts(29,7): error TS2769: No overload matches this call.
  Overload 1 of 2, '(algorithm: AlgorithmIdentifier | EcdhKeyDeriveParams | HkdfParams | Pbkdf2Params, baseKey: CryptoKey, derivedKeyType: AlgorithmIdentifier | ... 3 more ... | AesDerivedKeyParams, extractable: boolean, keyUsages: Iterable<...>): Promise<...>', gave the following error.
    Type 'Uint8Array<ArrayBufferLike>' is not assignable to type 'BufferSource'.
      Type 'Uint8Array<ArrayBufferLike>' is not assignable to type 'ArrayBufferView<ArrayBuffer>'.
        Types of property 'buffer' are incompatible.
          Type 'ArrayBufferLike' is not assignable to type 'ArrayBuffer'.
            Type 'SharedArrayBuffer' is not assignable to type 'ArrayBuffer'.
              Types of property '[Symbol.toStringTag]' are incompatible.
                Type '"SharedArrayBuffer"' is not assignable to type '"ArrayBuffer"'.
  Overload 2 of 2, '(algorithm: AlgorithmIdentifier | EcdhKeyDeriveParams | HkdfParams | Pbkdf2Params, baseKey: CryptoKey, derivedKeyType: AlgorithmIdentifier | ... 3 more ... | AesDerivedKeyParams, extractable: boolean, keyUsages: KeyUsage[]): Promise<...>', gave the following error.
    Type 'Uint8Array<ArrayBufferLike>' is not assignable to type 'BufferSource'.
      Type 'Uint8Array<ArrayBufferLike>' is not assignable to type 'ArrayBufferView<ArrayBuffer>'.
        Types of property 'buffer' are incompatible.
          Type 'ArrayBufferLike' is not assignable to type 'ArrayBuffer'.
            Type 'SharedArrayBuffer' is not assignable to type 'ArrayBuffer'.
              Types of property '[Symbol.toStringTag]' are incompatible.
                Type '"SharedArrayBuffer"' is not assignable to type '"ArrayBuffer"'.
functions/utils/postHistory.ts(186,46): error TS2339: Property 'warnings' does not exist on type 'void'.
src/components/AssetManager.tsx(33,24): error TS2339: Property 'uploadMedia' does not exist on type '{ get: <T>(url: string, options?: RequestInit<CfProperties<unknown>> | undefined) => Promise<T>; request: <T>(url: string, options?: RequestInit<CfProperties<unknown>> | undefined) => Promise<...>; ... 28 more ...; deleteInquiry: (id: string) => Promise<...>; }'.
src/components/AssetManager.tsx(105,13): error TS2322: Type '{ assets: (R2Asset & { folder: string; tags: string; })[]; onDelete: (key: any) => void; onSyndicate: (key: any) => void; }' is not assignable to type 'IntrinsicAttributes & AssetGridProps'.
  Property 'onDelete' does not exist on type 'IntrinsicAttributes & AssetGridProps'.
src/components/AssetManager.tsx(105,24): error TS7006: Parameter 'key' implicitly has an 'any' type.
src/components/AssetManager.tsx(110,27): error TS7006: Parameter 'key' implicitly has an 'any' type.
src/components/ContentManager.tsx(175,12): error TS2322: Type '{ onEditEvent: ((id: string) => void) | undefined; broadcastData: { isOpen: boolean; type: "blog" | "event"; id: string; title: string; }; setBroadcastData: Dispatch<SetStateAction<{ isOpen: boolean; type: "blog" | "event"; id: string; title: string; }>>; ... 6 more ...; purgeMutation: UseMutationResult<...>; }' is not assignable to type 'EventManagerTabProps'.
  Types of property 'restoreMutation' are incompatible.
    Type 'UseMutationResult<unknown, Error, { type: "event" | "doc" | "post" | "season"; id: string; }, unknown>' is not assignable to type 'ContentMutationResult'.
      Type 'Override<MutationObserverLoadingResult<unknown, Error, { type: "event" | "doc" | "post" | "season"; id: string; }, unknown>, { mutate: UseMutateFunction<unknown, Error, { ...; }, unknown>; }> & { ...; }' is not assignable to type 'ContentMutationResult'.
        The types of 'variables.type' are incompatible between these types.
          Type '"event" | "doc" | "post" | "season"' is not assignable to type '"event" | "doc" | "post"'.
            Type '"season"' is not assignable to type '"event" | "doc" | "post"'.
src/components/ContentManager.tsx(183,12): error TS2322: Type '{ onEditPost: ((slug: string) => void) | undefined; broadcastData: { isOpen: boolean; type: "blog" | "event"; id: string; title: string; }; setBroadcastData: Dispatch<SetStateAction<{ isOpen: boolean; type: "blog" | "event"; id: string; title: string; }>>; ... 6 more ...; purgeMutation: UseMutationResult<...>; }' is not assignable to type 'PostManagerTabProps'.
  Types of property 'restoreMutation' are incompatible.
    Type 'UseMutationResult<unknown, Error, { type: "event" | "doc" | "post" | "season"; id: string; }, unknown>' is not assignable to type 'ContentMutationResult'.
      Type 'Override<MutationObserverLoadingResult<unknown, Error, { type: "event" | "doc" | "post" | "season"; id: string; }, unknown>, { mutate: UseMutateFunction<unknown, Error, { ...; }, unknown>; }> & { ...; }' is not assignable to type 'ContentMutationResult'.
        The types of 'variables.type' are incompatible between these types.
          Type '"event" | "doc" | "post" | "season"' is not assignable to type '"event" | "doc" | "post"'.
            Type '"season"' is not assignable to type '"event" | "doc" | "post"'.
src/components/ContentManager.tsx(191,12): error TS2322: Type '{ onEditDoc: ((slug: string) => void) | undefined; view: ViewType; confirmId: string | null; setConfirmId: Dispatch<SetStateAction<string | null>>; approveMutation: UseMutationResult<...>; rejectMutation: UseMutationResult<...>; restoreMutation: UseMutationResult<...>; purgeMutation: UseMutationResult<...>; }' is not assignable to type 'DocManagerTabProps'.
  Types of property 'restoreMutation' are incompatible.
    Type 'UseMutationResult<unknown, Error, { type: "event" | "doc" | "post" | "season"; id: string; }, unknown>' is not assignable to type 'ContentMutationResult'.
      Type 'Override<MutationObserverLoadingResult<unknown, Error, { type: "event" | "doc" | "post" | "season"; id: string; }, unknown>, { mutate: UseMutateFunction<unknown, Error, { ...; }, unknown>; }> & { ...; }' is not assignable to type 'ContentMutationResult'.
        The types of 'variables.type' are incompatible between these types.
          Type '"event" | "doc" | "post" | "season"' is not assignable to type '"event" | "doc" | "post"'.
            Type '"season"' is not assignable to type '"event" | "doc" | "post"'.
src/components/ContentManager.tsx(197,12): error TS2322: Type '{ onEdit: ((id: string) => void) | undefined; view: ViewType; confirmId: string | null; setConfirmId: Dispatch<SetStateAction<string | null>>; approveMutation: UseMutationResult<...>; rejectMutation: UseMutationResult<...>; restoreMutation: UseMutationResult<...>; purgeMutation: UseMutationResult<...>; }' is not assignable to type 'SeasonManagerTabProps'.
  Types of property 'restoreMutation' are incompatible.
    Type 'UseMutationResult<unknown, Error, { type: "event" | "doc" | "post" | "season"; id: string; }, unknown>' is not assignable to type 'UseMutationResult<unknown, Error, { type: string; id: string; }, unknown>'.
      Type 'Override<MutationObserverIdleResult<unknown, Error, { type: "event" | "doc" | "post" | "season"; id: string; }, unknown>, { mutate: UseMutateFunction<unknown, Error, { type: "event" | "doc" | "post" | "season"; id: string; }, unknown>; }> & { ...; }' is not assignable to type 'UseMutationResult<unknown, Error, { type: string; id: string; }, unknown>'.
        Type 'Override<MutationObserverIdleResult<unknown, Error, { type: "event" | "doc" | "post" | "season"; id: string; }, unknown>, { mutate: UseMutateFunction<unknown, Error, { type: "event" | "doc" | "post" | "season"; id: string; }, unknown>; }> & { ...; }' is not assignable to type 'Override<MutationObserverIdleResult<unknown, Error, { type: string; id: string; }, unknown>, { mutate: UseMutateFunction<unknown, Error, { type: string; id: string; }, unknown>; }> & { ...; }'.
          Type 'Override<MutationObserverIdleResult<unknown, Error, { type: "event" | "doc" | "post" | "season"; id: string; }, unknown>, { mutate: UseMutateFunction<unknown, Error, { type: "event" | "doc" | "post" | "season"; id: string; }, unknown>; }> & { ...; }' is not assignable to type 'Override<MutationObserverIdleResult<unknown, Error, { type: string; id: string; }, unknown>, { mutate: UseMutateFunction<unknown, Error, { type: string; id: string; }, unknown>; }>'.
            Types of property 'mutate' are incompatible.
              Type 'UseMutateFunction<unknown, Error, { type: "event" | "doc" | "post" | "season"; id: string; }, unknown>' is not assignable to type 'UseMutateFunction<unknown, Error, { type: string; id: string; }, unknown>'.
                Types of parameters 'variables' and 'variables' are incompatible.
                  Type '{ type: string; id: string; }' is not assignable to type '{ type: "event" | "doc" | "post" | "season"; id: string; }'.
                    Types of property 'type' are incompatible.
                      Type 'string' is not assignable to type '"event" | "doc" | "post" | "season"'.
